Saving output to: /Users/solenenoize/Desktop/LuciDreams/analysis/results/descriptive_stats_20260717_151129.log 
Using input file: /Users/solenenoize/Desktop/LuciDreams/data_prep/output/analysis_data/merged_data.xlsx 

===== Sample Characteristics (participant-level) =====
                                   characteristic       statistic
                                     Participants               n
                                  Nights recorded               n
                           Nights per participant       mean (SD)
                           Nights per participant    median [IQR]
                                      Age (years)       mean (SD)
                                      Age (years)    median [IQR]
         Baseline lucid-dream frequency (ordinal)       mean (SD)
         Baseline lucid-dream frequency (ordinal)    median [IQR]
                    Baseline sleep quality (0-10)       mean (SD)
                    Baseline sleep quality (0-10)    median [IQR]
                                              Sex          Female
                                              Sex            Male
                                              Sex Missing/Unknown
                                              Sex      Non-binary
 Lucid dream rate (proportion of recorded nights)       mean (SD)
 Lucid dream rate (proportion of recorded nights)    median [IQR]
                value   n
                   65  65
                  224 224
          3.45 (3.91)  65
    2.00 [1.00, 4.00]  65
        41.52 (17.42)  61
 42.00 [24.00, 50.00]  61
          1.74 (1.33)  61
    2.00 [1.00, 2.00]  61
          6.57 (1.31)  61
    7.00 [6.00, 8.00]  61
           35 (53.8%)  65
           24 (36.9%)  65
             4 (6.2%)  65
             2 (3.1%)  65
          0.12 (0.27)  65
    0.00 [0.00, 0.00]  65

===== Numeric Descriptive Stats (Models A/B/C variables) =====
                                                                                                                      variable
                                                                                                                   time_asleep
                                                                                                                   rem_minutes
                                                                                                          total_induction_cues
                                                                                                                           Age
                                                                                                             rem_episode_count
                                                                                 You woke up more than usual during last night
                                                                                                          baseline_LD_freq_ord
                                                                                 You felt more tired than usual when waking up
                                                                                             You feel more restless than usual
           I was very certain that the things I was experiencing in my dream wouldn't have any consequences on the real world.
                        While dreaming, I was aware of the fact that the things I was experiencing in the dream were not real.
                                                                                                           baseline_sleep_qual
                        While dreaming, I was aware that the self I experienced in my dream wasn't the same as my waking self.
                                While dreaming, I was aware of the fact that other dream characters in my dream were not real.
                                                                        Waking up in the morning was more difficult than usual
 While dreaming, I was aware of the fact that the body I experienced in the dream did not correspond to my real sleeping body.
                                                                                          It took longer than usual to wake up
                                                                  While dreaming, I often asked myself whether I was dreaming.
                                                                                                                rem_motion_avg
   n       mean        sd      median         p25        p75          min
 223 448.649552 81.994514 457.8000000 398.5166667 503.391667 2.429167e+02
 223  55.668161 53.058757  40.0000000  18.0000000  79.500000 1.000000e+00
 223  34.309417 37.387889  19.0000000   1.0000000  60.500000 0.000000e+00
 219  48.520548 20.045437  45.0000000  26.5000000  71.000000 1.900000e+01
 224  14.870536 19.613444   8.5000000   4.0000000  18.000000 1.000000e+00
 224   2.053571  1.677278   2.0000000   1.0000000   4.000000 0.000000e+00
 219   2.264840  1.623564   2.0000000   1.0000000   4.000000 0.000000e+00
 224   1.866071  1.609922   1.0000000   0.0000000   3.000000 0.000000e+00
 224   1.816964  1.583966   2.0000000   0.0000000   3.000000 0.000000e+00
 224   1.352679  1.563511   1.0000000   0.0000000   2.250000 0.000000e+00
 224   1.312500  1.509499   1.0000000   0.0000000   3.000000 0.000000e+00
 219   6.465753  1.443894   7.0000000   5.0000000   8.000000 4.000000e+00
 224   1.272321  1.433720   1.0000000   0.0000000   2.000000 0.000000e+00
 224   1.178571  1.418736   1.0000000   0.0000000   2.000000 0.000000e+00
 224   1.571429  1.415572   1.0000000   0.0000000   3.000000 0.000000e+00
 224   1.214286  1.413761   1.0000000   0.0000000   2.000000 0.000000e+00
 224   1.366071  1.325808   1.0000000   0.0000000   2.000000 0.000000e+00
 224   0.843750  1.018949   1.0000000   0.0000000   1.000000 0.000000e+00
 223   1.003437  1.005482   0.6122145   0.2235766   1.441691 5.249088e-03
        max model_set sd_vs_median_sd large_scale_flag
 649.400000       A/B      52.4425547              YES
 351.000000         B      33.9356460              YES
 145.000000         B      23.9127761              YES
  76.000000         A      12.8207835              YES
 130.000000         B      12.5444873              YES
   5.000000         A       1.0727636                 
   5.000000         A       1.0384090                 
   5.000000         A       1.0296837                 
   5.000000         A       1.0130828                 
   5.000000         C       1.0000000                 
   5.000000         C       0.9654547                 
   9.000000         A       0.9234948                 
   5.000000         C       0.9169875                 
   5.000000         C       0.9074040                 
   5.000000         A       0.9053801                 
   5.000000         C       0.9042216                 
   5.000000         A       0.8479686                 
   4.000000         C       0.6517056                 
   5.971019         B       0.6430925                 

===== Binary Variable Summaries =====
               variable   n n_yes  pct_yes
            lucid_state 224    43 19.19643
             cue_notice 224    44 19.64286
 disruptive_arousal_any 223    65 29.14798
  induction_arousal_any 223   124 55.60538

===== Categorical Summaries =====
  variable           level   n        pct
    Gender          Female 135 60.2678571
    Gender            Male  80 35.7142857
    Gender Missing/Unknown   5  2.2321429
    Gender      Non-binary   4  1.7857143
 condition               0  39 17.4107143
 condition               1  33 14.7321429
 condition               3  30 13.3928571
 condition               5  27 12.0535714
 condition               2  25 11.1607143
 condition               4  24 10.7142857
 condition               7  23 10.2678571
 condition               6  22  9.8214286
 condition Missing/Unknown   1  0.4464286

===== Model B subset (conditions 0-3, n = 127 ) =====

 0  1  2  3 
39 33 25 30 
                                               variable   n     mean       sd
                      You feel more restless than usual 127 1.929134 1.584554
          You woke up more than usual during last night 127 2.173228 1.714062
 Waking up in the morning was more difficult than usual 127 1.637795 1.488950
                   It took longer than usual to wake up 127 1.409449 1.399287
          You felt more tired than usual when waking up 127 2.047244 1.656437
 median p25 p75 min max
      2   0   3   0   5
      2   1   4   0   5
      1   0   3   0   5
      1   0   2   0   5
      2   1   4   0   5

===== Model C subset (non-lucid, conditions 4-5, n = 41 ) =====

 4  5 
20 21 
                                                                                                                      variable
                        While dreaming, I was aware of the fact that the things I was experiencing in the dream were not real.
                        While dreaming, I was aware that the self I experienced in my dream wasn't the same as my waking self.
 While dreaming, I was aware of the fact that the body I experienced in the dream did not correspond to my real sleeping body.
           I was very certain that the things I was experiencing in my dream wouldn't have any consequences on the real world.
                                                                  While dreaming, I often asked myself whether I was dreaming.
                                While dreaming, I was aware of the fact that other dream characters in my dream were not real.
  n      mean        sd median p25 p75 min max
 41 0.9756098 1.0365280      1   0   1   0   4
 41 0.9512195 1.0235043      1   0   1   0   4
 41 0.9024390 1.0441475      1   0   1   0   4
 41 0.9268293 1.0097090      1   0   1   0   4
 41 0.6341463 0.7666843      1   0   1   0   3
 41 0.8292683 0.9721738      1   0   1   0   5

Rows with total_induction_cues > 0: 172 / 224 (77.13% of rows with non-missing total_induction_cues) 
Rows with induction_arousal_any == 1: 124 / 224 (55.61% of rows with non-missing induction_arousal_any) 

===== Lucid rate by cue_notice =====
  group   n lucid_rate
1     0 180  0.1277778
2     1  44  0.4545455

===== Lucid rate by disruptive_arousal_any =====
  group   n lucid_rate
1     0 158  0.1518987
2     1  65  0.2923077

===== Lucid rate by induction_arousal_any =====
  group   n lucid_rate
1     0  99  0.1919192
2     1 124  0.1935484

===== Lucid rate by condition =====
  group  n lucid_rate
1     0 39 0.05128205
2     1 33 0.36363636
3     2 25 0.20000000
4     3 30 0.10000000
5     4 24 0.16666667
6     5 27 0.22222222
7     6 22 0.27272727
8     7 23 0.21739130

===== Lucid rate by induction_arousal_any (all lucid-eligible nights) =====
  group   n lucid_rate
1     0  99  0.1919192
2     1 124  0.1935484

===== Lucid rate by induction_arousal_any (cued nights only) =====
  group   n lucid_rate
1     0  48  0.2916667
2     1 124  0.1935484

===== Cross-tab: induction_arousal_any x cued night (total_induction_cues > 0) =====
   cued_flag
      0   1
  0  51  48
  1   0 124

Saved:
  /Users/solenenoize/Desktop/LuciDreams/analysis/results/descriptive_stats_sample_20260717_151129.csv 
  /Users/solenenoize/Desktop/LuciDreams/analysis/results/descriptive_stats_numeric_20260717_151129.csv 
  /Users/solenenoize/Desktop/LuciDreams/analysis/results/descriptive_stats_binary_20260717_151129.csv 
  /Users/solenenoize/Desktop/LuciDreams/analysis/results/descriptive_stats_categorical_20260717_151129.csv 
  /Users/solenenoize/Desktop/LuciDreams/analysis/results/descriptive_stats_model_b_subset_20260717_151129.csv 
  /Users/solenenoize/Desktop/LuciDreams/analysis/results/descriptive_stats_model_c_subset_20260717_151129.csv 
  /Users/solenenoize/Desktop/LuciDreams/analysis/results/descriptive_stats_lucid_by_cue_20260717_151129.csv 
  /Users/solenenoize/Desktop/LuciDreams/analysis/results/descriptive_stats_lucid_by_disruptive_arousal_20260717_151129.csv 
  /Users/solenenoize/Desktop/LuciDreams/analysis/results/descriptive_stats_lucid_by_induction_arousal_20260717_151129.csv 
  /Users/solenenoize/Desktop/LuciDreams/analysis/results/descriptive_stats_lucid_by_condition_20260717_151129.csv 
